// Jest Snapshot v1, https://goo.gl/fbAQLP

exports[`Renders correctly 1`] = `
<RCTScrollView
  className="mb-8"
  contentContainerStyle={
    {
      "padding": 20,
    }
  }
  data={
    [
      {
        "created_at": "2024-09-16T14:21:07.000000Z",
        "description": "test",
        "filament_brand": {},
        "filament_colour": {},
        "filament_material": {},
        "id": 2000,
        "images": [
          {
            "id": 1,
            "url": "test-url.com",
          },
        ],
        "infill_percentage": null,
        "is_favourite": false,
        "title": "Gorgeous Concrete Shoes ",
        "type": "PrintedDesign",
        "user_id": 2001,
      },
    ]
  }
  getItem={[Function]}
  getItemCount={[Function]}
  initialNumToRender={5}
  keyExtractor={[Function]}
  onContentSizeChange={[Function]}
  onLayout={[Function]}
  onMomentumScrollBegin={[Function]}
  onMomentumScrollEnd={[Function]}
  onScroll={[Function]}
  onScrollBeginDrag={[Function]}
  onScrollEndDrag={[Function]}
  removeClippedSubviews={false}
  renderItem={[Function]}
  scrollEventThrottle={0.0001}
  stickyHeaderIndices={[]}
  viewabilityConfigCallbackPairs={[]}
>
  <View>
    <View
      onFocusCapture={[Function]}
      onLayout={[Function]}
      style={null}
    >
      <View
        style={
          [
            {
              "flexDirection": "row",
            },
            {
              "gap": 20,
              "justifyContent": "space-between",
            },
          ]
        }
      >
        <View
          style={
            [
              {
                "backgroundColor": "#d0cadb",
                "flex": 1,
                "marginBottom": 20,
                "shadowRadius": 2,
              },
            ]
          }
        >
          <View
            accessibilityState={
              {
                "busy": undefined,
                "checked": undefined,
                "disabled": undefined,
                "expanded": undefined,
                "selected": undefined,
              }
            }
            accessibilityValue={
              {
                "max": undefined,
                "min": undefined,
                "now": undefined,
                "text": undefined,
              }
            }
            accessible={true}
            collapsable={false}
            focusable={true}
            onBlur={[Function]}
            onClick={[Function]}
            onFocus={[Function]}
            onResponderGrant={[Function]}
            onResponderMove={[Function]}
            onResponderRelease={[Function]}
            onResponderTerminate={[Function]}
            onResponderTerminationRequest={[Function]}
            onStartShouldSetResponder={[Function]}
          >
            <View
              className="relative"
            >
              <Image
                placeholder={
                  {
                    "blurhash": undefined,
                  }
                }
                source={
                  {
                    "uri": "undefined/test-url.com",
                  }
                }
                style={
                  {
                    "height": 200,
                    "width": "100%",
                  }
                }
                transition={1000}
              />
              Icon: favorite-outline, Size: 32, Color: white
              <Text
                adjustsFontSizeToFit={true}
                numberOfLines={2}
                style={
                  {
                    "fontSize": 18,
                    "height": 50,
                    "padding": 8,
                  }
                }
              >
                Gorgeous Concrete Shoes 
              </Text>
            </View>
          </View>
        </View>
      </View>
    </View>
  </View>
</RCTScrollView>
`;
